[2026-09-05 01:03:03,951] INFO: ============================================================
[2026-09-05 01:03:03,951] INFO: 청약 공고 수집 시작
[2026-09-05 01:03:03,951] INFO: ============================================================
[2026-09-05 01:03:03,951] INFO: Step 1: 공공데이터포털에서 공고 조회 중...
[2026-09-05 01:03:03,951] INFO: [APT 목록] 1페이지 조회 중... (모집공고일 >= 2026-08-22)
[2026-09-05 01:03:05,791] INFO: [APT 목록] 2페이지 조회 중... (모집공고일 >= 2026-08-22)
[2026-09-05 01:03:06,568] INFO: [APT 목록] 총 15건 조회 완료
[2026-09-05 01:03:16,335] INFO:   ...10/15건 처리 중
[2026-09-05 01:03:24,350] INFO: 최종 변환 완료: 15건
[2026-09-05 01:03:24,351] INFO: Step 2: 새 공고 감지 및 아카이빙...
[2026-09-05 01:03:24,351] INFO: 새 공고: 15개, 기존: 0개
[2026-09-05 01:03:24,352] INFO: 아카이브 저장 완료 (총 15개)
[2026-09-05 01:03:24,352] INFO: 15개 공고 아카이빙 완료
[2026-09-05 01:03:24,353] INFO: 새 공고 15개 발견! → /home/runner/work/cheongyak-alert/cheongyak-alert/data/latest_new.json
[2026-09-05 01:03:24,353] INFO: Step 4: 웹앱용 listings.json 생성...
[2026-09-05 01:03:24,354] INFO: listings.json 생성 완료: 15건 → /home/runner/work/cheongyak-alert/cheongyak-alert/docs/listings.json
[2026-09-05 01:03:24,354] INFO: ============================================================
[2026-09-05 01:03:24,354] INFO: 실행 완료
[2026-09-05 01:03:24,354] INFO: ============================================================
[2026-09-05 01:17:01,968] INFO: ============================================================
[2026-09-05 01:17:01,968] INFO: 청약 공고 수집 시작
[2026-09-05 01:17:01,968] INFO: ============================================================
[2026-09-05 01:17:01,968] INFO: Step 1: 공공데이터포털에서 공고 조회 중...
[2026-09-05 01:17:01,968] INFO: [APT/매매] 1페이지 조회 중... (모집공고일 >= 2026-08-22)
[2026-09-05 01:17:03,724] INFO: [APT/매매] 2페이지 조회 중... (모집공고일 >= 2026-08-22)
[2026-09-05 01:17:04,492] INFO: [APT/매매] 총 15건 조회 완료
[2026-09-05 01:17:13,321] INFO:   [APT/매매] ...10/15건 처리 중
[2026-09-05 01:17:16,820] INFO: [APT/매매] 최종 변환 완료: 15건
[2026-09-05 01:17:16,820] INFO: [공공지원민간임대/전세] 1페이지 조회 중... (모집공고일 >= 2026-08-22)
[2026-09-05 01:17:17,944] INFO: [공공지원민간임대/전세] 2페이지 조회 중... (모집공고일 >= 2026-08-22)
[2026-09-05 01:17:18,632] INFO: [공공지원민간임대/전세] 총 40건 조회 완료
[2026-09-05 01:17:30,832] INFO:   [공공지원민간임대/전세] ...10/40건 처리 중
[2026-09-05 01:17:38,556] INFO:   [공공지원민간임대/전세] ...20/40건 처리 중
[2026-09-05 01:17:46,234] INFO:   [공공지원민간임대/전세] ...30/40건 처리 중
[2026-09-05 01:17:53,716] INFO:   [공공지원민간임대/전세] ...40/40건 처리 중
[2026-09-05 01:17:53,716] INFO: [공공지원민간임대/전세] 최종 변환 완료: 40건
[2026-09-05 01:17:53,716] INFO: [오피스텔등/매매·월세] 1페이지 조회 중... (모집공고일 >= 2026-08-22)
[2026-09-05 01:17:54,273] INFO: [오피스텔등/매매·월세] 2페이지 조회 중... (모집공고일 >= 2026-08-22)
[2026-09-05 01:17:54,724] INFO: [오피스텔등/매매·월세] 총 3건 조회 완료
[2026-09-05 01:17:56,911] INFO: [오피스텔등/매매·월세] 최종 변환 완료: 3건
[2026-09-05 01:17:56,912] INFO: 전체 소스 합산 완료: 58건
[2026-09-05 01:17:56,912] INFO: Step 2: 새 공고 감지 및 아카이빙...
[2026-09-05 01:17:56,912] INFO: 새 공고: 58개, 기존: 0개
[2026-09-05 01:17:56,914] INFO: 아카이브 저장 완료 (총 73개)
[2026-09-05 01:17:56,914] INFO: 58개 공고 아카이빙 완료
[2026-09-05 01:17:56,916] INFO: 새 공고 58개 발견! → /home/runner/work/cheongyak-alert/cheongyak-alert/data/latest_new.json
[2026-09-05 01:17:56,916] INFO: Step 4: 웹앱용 listings.json 생성...
[2026-09-05 01:17:56,918] INFO: listings.json 생성 완료: 73건 → /home/runner/work/cheongyak-alert/cheongyak-alert/docs/listings.json
[2026-09-05 01:17:56,918] INFO: ============================================================
[2026-09-05 01:17:56,918] INFO: 실행 완료
[2026-09-05 01:17:56,918] INFO: ============================================================
[2026-09-05 01:27:22,816] INFO: ============================================================
[2026-09-05 01:27:22,816] INFO: 청약 공고 수집 시작
[2026-09-05 01:27:22,816] INFO: ============================================================
[2026-09-05 01:27:22,816] INFO: Step 1: 공공데이터포털에서 공고 조회 중...
[2026-09-05 01:27:22,817] INFO: [APT/매매] 1페이지 조회 중... (모집공고일 >= 2026-08-22)
[2026-09-05 01:27:23,946] INFO: [APT/매매] 2페이지 조회 중... (모집공고일 >= 2026-08-22)
[2026-09-05 01:27:24,718] INFO: [APT/매매] 총 15건 조회 완료
[2026-09-05 01:27:37,267] INFO:   [APT/매매] ...10/15건 처리 중
[2026-09-05 01:27:41,180] INFO: [APT/매매] 최종 변환 완료: 15건
[2026-09-05 01:27:41,181] INFO: [공공지원민간임대/전세] 1페이지 조회 중... (모집공고일 >= 2026-08-22)
[2026-09-05 01:27:41,953] INFO: [공공지원민간임대/전세] 2페이지 조회 중... (모집공고일 >= 2026-08-22)
[2026-09-05 01:27:42,539] INFO: [공공지원민간임대/전세] 총 40건 조회 완료
[2026-09-05 01:27:49,511] INFO:   [공공지원민간임대/전세] ...10/40건 처리 중
[2026-09-05 01:27:56,652] INFO:   [공공지원민간임대/전세] ...20/40건 처리 중
[2026-09-05 01:28:08,107] INFO:   [공공지원민간임대/전세] ...30/40건 처리 중
[2026-09-05 01:28:14,988] INFO:   [공공지원민간임대/전세] ...40/40건 처리 중
[2026-09-05 01:28:14,988] INFO: [공공지원민간임대/전세] 최종 변환 완료: 40건
[2026-09-05 01:28:14,988] INFO: [오피스텔등/매매·월세] 1페이지 조회 중... (모집공고일 >= 2026-08-22)
[2026-09-05 01:28:15,612] INFO: [오피스텔등/매매·월세] 2페이지 조회 중... (모집공고일 >= 2026-08-22)
[2026-09-05 01:28:16,208] INFO: [오피스텔등/매매·월세] 총 3건 조회 완료
[2026-09-05 01:28:18,683] INFO: [오피스텔등/매매·월세] 최종 변환 완료: 3건
[2026-09-05 01:28:18,684] INFO: [잔여세대·무순위/매매] 1페이지 조회 중... (모집공고일 >= 2026-08-22)
[2026-09-05 01:28:19,142] INFO: [잔여세대·무순위/매매] 2페이지 조회 중... (모집공고일 >= 2026-08-22)
[2026-09-05 01:28:19,736] INFO: [잔여세대·무순위/매매] 총 12건 조회 완료
[2026-09-05 01:28:26,889] INFO:   [잔여세대·무순위/매매] ...10/12건 처리 중
[2026-09-05 01:28:28,385] INFO: [잔여세대·무순위/매매] 최종 변환 완료: 12건
[2026-09-05 01:28:28,386] INFO: [임의공급/매매] 1페이지 조회 중... (모집공고일 >= 2026-08-22)
[2026-09-05 01:28:29,367] INFO: [임의공급/매매] 2페이지 조회 중... (모집공고일 >= 2026-08-22)
[2026-09-05 01:28:30,330] INFO: [임의공급/매매] 3페이지 조회 중... (모집공고일 >= 2026-08-22)
[2026-09-05 01:28:30,863] INFO: [임의공급/매매] 총 181건 조회 완료
[2026-09-05 01:28:37,758] INFO:   [임의공급/매매] ...10/181건 처리 중
[2026-09-05 01:28:44,566] INFO:   [임의공급/매매] ...20/181건 처리 중
[2026-09-05 01:28:51,791] INFO:   [임의공급/매매] ...30/181건 처리 중
[2026-09-05 01:28:58,744] INFO:   [임의공급/매매] ...40/181건 처리 중
[2026-09-05 01:29:05,886] INFO:   [임의공급/매매] ...50/181건 처리 중
[2026-09-05 01:29:13,060] INFO:   [임의공급/매매] ...60/181건 처리 중
[2026-09-05 01:29:20,918] INFO:   [임의공급/매매] ...70/181건 처리 중
[2026-09-05 01:29:29,218] INFO:   [임의공급/매매] ...80/181건 처리 중
[2026-09-05 01:29:36,367] INFO:   [임의공급/매매] ...90/181건 처리 중
[2026-09-05 01:29:43,152] INFO:   [임의공급/매매] ...100/181건 처리 중
[2026-09-05 01:29:50,085] INFO:   [임의공급/매매] ...110/181건 처리 중
[2026-09-05 01:29:57,238] INFO:   [임의공급/매매] ...120/181건 처리 중
[2026-09-05 01:30:04,704] INFO:   [임의공급/매매] ...130/181건 처리 중
[2026-09-05 01:30:11,847] INFO:   [임의공급/매매] ...140/181건 처리 중
[2026-09-05 01:30:20,147] INFO:   [임의공급/매매] ...150/181건 처리 중
[2026-09-05 01:30:28,564] INFO:   [임의공급/매매] ...160/181건 처리 중
[2026-09-05 01:30:38,779] INFO:   [임의공급/매매] ...170/181건 처리 중
[2026-09-05 01:30:49,092] INFO:   [임의공급/매매] ...180/181건 처리 중
[2026-09-05 01:30:49,873] INFO: [임의공급/매매] 최종 변환 완료: 181건
[2026-09-05 01:30:49,874] INFO: 전체 소스 합산 완료: 251건
[2026-09-05 01:30:49,874] INFO: Step 2: 새 공고 감지 및 아카이빙...
[2026-09-05 01:30:49,874] INFO: 새 공고: 193개, 기존: 58개
[2026-09-05 01:30:49,882] INFO: 아카이브 저장 완료 (총 266개)
[2026-09-05 01:30:49,882] INFO: 251개 공고 아카이빙 완료
[2026-09-05 01:30:49,886] INFO: 새 공고 193개 발견! → /home/runner/work/cheongyak-alert/cheongyak-alert/data/latest_new.json
[2026-09-05 01:30:49,887] INFO: Step 4: 웹앱용 listings.json 생성...
[2026-09-05 01:30:49,896] INFO: listings.json 생성 완료: 266건 → /home/runner/work/cheongyak-alert/cheongyak-alert/docs/listings.json
[2026-09-05 01:30:49,896] INFO: ============================================================
[2026-09-05 01:30:49,896] INFO: 실행 완료
[2026-09-05 01:30:49,896] INFO: ============================================================
[2026-09-05 21:02:58,877] INFO: ============================================================
[2026-09-05 21:02:58,877] INFO: 청약 공고 수집 시작
[2026-09-05 21:02:58,877] INFO: ============================================================
[2026-09-05 21:02:58,877] INFO: Step 1: 공공데이터포털에서 공고 조회 중...
[2026-09-05 21:02:58,877] INFO: [APT/매매] 1페이지 조회 중... (모집공고일 >= 2026-08-22)
[2026-09-05 21:03:00,823] INFO: [APT/매매] 2페이지 조회 중... (모집공고일 >= 2026-08-22)
[2026-09-05 21:03:01,622] INFO: [APT/매매] 총 15건 조회 완료
[2026-09-05 21:03:10,569] INFO:   [APT/매매] ...10/15건 처리 중
[2026-09-05 21:03:14,662] INFO: [APT/매매] 최종 변환 완료: 15건
[2026-09-05 21:03:14,663] INFO: [공공지원민간임대/전세] 1페이지 조회 중... (모집공고일 >= 2026-08-22)
[2026-09-05 21:03:15,621] INFO: [공공지원민간임대/전세] 2페이지 조회 중... (모집공고일 >= 2026-08-22)
[2026-09-05 21:03:16,391] INFO: [공공지원민간임대/전세] 총 40건 조회 완료
[2026-09-05 21:03:25,414] INFO:   [공공지원민간임대/전세] ...10/40건 처리 중
[2026-09-05 21:03:34,190] INFO:   [공공지원민간임대/전세] ...20/40건 처리 중
[2026-09-05 21:03:42,257] INFO:   [공공지원민간임대/전세] ...30/40건 처리 중
[2026-09-05 21:03:50,453] INFO:   [공공지원민간임대/전세] ...40/40건 처리 중
[2026-09-05 21:03:50,454] INFO: [공공지원민간임대/전세] 최종 변환 완료: 40건
[2026-09-05 21:03:50,454] INFO: [오피스텔등/매매·월세] 1페이지 조회 중... (모집공고일 >= 2026-08-22)
[2026-09-05 21:03:51,149] INFO: [오피스텔등/매매·월세] 2페이지 조회 중... (모집공고일 >= 2026-08-22)
[2026-09-05 21:03:51,817] INFO: [오피스텔등/매매·월세] 총 3건 조회 완료
[2026-09-05 21:03:54,459] INFO: [오피스텔등/매매·월세] 최종 변환 완료: 3건
[2026-09-05 21:03:54,459] INFO: [잔여세대·무순위/매매] 1페이지 조회 중... (모집공고일 >= 2026-08-22)
[2026-09-05 21:03:55,130] INFO: [잔여세대·무순위/매매] 2페이지 조회 중... (모집공고일 >= 2026-08-22)
[2026-09-05 21:03:55,712] INFO: [잔여세대·무순위/매매] 총 12건 조회 완료
[2026-09-05 21:04:03,887] INFO:   [잔여세대·무순위/매매] ...10/12건 처리 중
[2026-09-05 21:04:05,581] INFO: [잔여세대·무순위/매매] 최종 변환 완료: 12건
[2026-09-05 21:04:05,582] INFO: [임의공급/매매] 1페이지 조회 중... (모집공고일 >= 2026-08-22)
[2026-09-05 21:04:06,592] INFO: [임의공급/매매] 2페이지 조회 중... (모집공고일 >= 2026-08-22)
[2026-09-05 21:04:07,585] INFO: [임의공급/매매] 3페이지 조회 중... (모집공고일 >= 2026-08-22)
[2026-09-05 21:04:08,428] INFO: [임의공급/매매] 총 181건 조회 완료
[2026-09-05 21:04:16,567] INFO:   [임의공급/매매] ...10/181건 처리 중
[2026-09-05 21:04:25,319] INFO:   [임의공급/매매] ...20/181건 처리 중
[2026-09-05 21:04:37,941] INFO:   [임의공급/매매] ...30/181건 처리 중
[2026-09-05 21:04:45,885] INFO:   [임의공급/매매] ...40/181건 처리 중
[2026-09-05 21:04:53,831] INFO:   [임의공급/매매] ...50/181건 처리 중
[2026-09-05 21:05:02,142] INFO:   [임의공급/매매] ...60/181건 처리 중
[2026-09-05 21:05:10,629] INFO:   [임의공급/매매] ...70/181건 처리 중
[2026-09-05 21:05:19,256] INFO:   [임의공급/매매] ...80/181건 처리 중
[2026-09-05 21:05:27,542] INFO:   [임의공급/매매] ...90/181건 처리 중
[2026-09-05 21:05:35,424] INFO:   [임의공급/매매] ...100/181건 처리 중
[2026-09-05 21:05:43,362] INFO:   [임의공급/매매] ...110/181건 처리 중
[2026-09-05 21:05:51,206] INFO:   [임의공급/매매] ...120/181건 처리 중
[2026-09-05 21:05:59,081] INFO:   [임의공급/매매] ...130/181건 처리 중
[2026-09-05 21:06:07,425] INFO:   [임의공급/매매] ...140/181건 처리 중
[2026-09-05 21:06:15,385] INFO:   [임의공급/매매] ...150/181건 처리 중
[2026-09-05 21:06:25,248] INFO:   [임의공급/매매] ...160/181건 처리 중
[2026-09-05 21:06:33,472] INFO:   [임의공급/매매] ...170/181건 처리 중
[2026-09-05 21:06:41,437] INFO:   [임의공급/매매] ...180/181건 처리 중
[2026-09-05 21:06:42,171] INFO: [임의공급/매매] 최종 변환 완료: 181건
[2026-09-05 21:06:42,171] INFO: 전체 소스 합산 완료: 251건
[2026-09-05 21:06:42,171] INFO: Step 2: 새 공고 감지 및 아카이빙...
[2026-09-05 21:06:42,173] INFO: 새 공고: 0개, 기존: 251개
[2026-09-05 21:06:42,181] INFO: 아카이브 저장 완료 (총 266개)
[2026-09-05 21:06:42,181] INFO: 251개 공고 아카이빙 완료
[2026-09-05 21:06:42,181] INFO: 새 공고가 없습니다.
[2026-09-05 21:06:42,182] INFO: Step 4: 웹앱용 listings.json 생성...
[2026-09-05 21:06:42,190] INFO: listings.json 생성 완료: 266건 → /home/runner/work/cheongyak-alert/cheongyak-alert/docs/listings.json
[2026-09-05 21:06:42,191] INFO: ============================================================
[2026-09-05 21:06:42,191] INFO: 실행 완료
[2026-09-05 21:06:42,191] INFO: ============================================================
[2026-09-06 21:03:02,681] INFO: ============================================================
[2026-09-06 21:03:02,681] INFO: 청약 공고 수집 시작
[2026-09-06 21:03:02,681] INFO: ============================================================
[2026-09-06 21:03:02,681] INFO: Step 1: 공공데이터포털에서 공고 조회 중...
[2026-09-06 21:03:02,681] INFO: [APT/매매] 1페이지 조회 중... (모집공고일 >= 2026-08-23)
[2026-09-06 21:03:03,575] INFO: [APT/매매] 2페이지 조회 중... (모집공고일 >= 2026-08-23)
[2026-09-06 21:03:04,446] INFO: [APT/매매] 총 15건 조회 완료
[2026-09-06 21:03:14,130] INFO:   [APT/매매] ...10/15건 처리 중
[2026-09-06 21:03:17,492] INFO: [APT/매매] 최종 변환 완료: 15건
[2026-09-06 21:03:17,492] INFO: [공공지원민간임대/전세] 1페이지 조회 중... (모집공고일 >= 2026-08-23)
[2026-09-06 21:03:18,391] INFO: [공공지원민간임대/전세] 2페이지 조회 중... (모집공고일 >= 2026-08-23)
[2026-09-06 21:03:19,300] INFO: [공공지원민간임대/전세] 총 40건 조회 완료
[2026-09-06 21:03:26,355] INFO:   [공공지원민간임대/전세] ...10/40건 처리 중
[2026-09-06 21:03:33,919] INFO:   [공공지원민간임대/전세] ...20/40건 처리 중
[2026-09-06 21:03:40,744] INFO:   [공공지원민간임대/전세] ...30/40건 처리 중
[2026-09-06 21:03:47,445] INFO:   [공공지원민간임대/전세] ...40/40건 처리 중
[2026-09-06 21:03:47,445] INFO: [공공지원민간임대/전세] 최종 변환 완료: 40건
[2026-09-06 21:03:47,445] INFO: [오피스텔등/매매·월세] 1페이지 조회 중... (모집공고일 >= 2026-08-23)
[2026-09-06 21:03:48,166] INFO: [오피스텔등/매매·월세] 2페이지 조회 중... (모집공고일 >= 2026-08-23)
[2026-09-06 21:03:48,749] INFO: [오피스텔등/매매·월세] 총 3건 조회 완료
[2026-09-06 21:03:51,089] INFO: [오피스텔등/매매·월세] 최종 변환 완료: 3건
[2026-09-06 21:03:51,089] INFO: [잔여세대·무순위/매매] 1페이지 조회 중... (모집공고일 >= 2026-08-23)
[2026-09-06 21:03:51,907] INFO: [잔여세대·무순위/매매] 2페이지 조회 중... (모집공고일 >= 2026-08-23)
[2026-09-06 21:03:52,883] INFO: [잔여세대·무순위/매매] 총 12건 조회 완료
[2026-09-06 21:04:00,862] INFO:   [잔여세대·무순위/매매] ...10/12건 처리 중
[2026-09-06 21:04:02,239] INFO: [잔여세대·무순위/매매] 최종 변환 완료: 12건
[2026-09-06 21:04:02,240] INFO: [임의공급/매매] 1페이지 조회 중... (모집공고일 >= 2026-08-23)
[2026-09-06 21:04:03,193] INFO: [임의공급/매매] 2페이지 조회 중... (모집공고일 >= 2026-08-23)
[2026-09-06 21:04:03,912] INFO: [임의공급/매매] 3페이지 조회 중... (모집공고일 >= 2026-08-23)
[2026-09-06 21:04:04,413] INFO: [임의공급/매매] 총 181건 조회 완료
[2026-09-06 21:04:10,937] INFO:   [임의공급/매매] ...10/181건 처리 중
[2026-09-06 21:04:17,932] INFO:   [임의공급/매매] ...20/181건 처리 중
[2026-09-06 21:04:42,913] INFO:   [임의공급/매매] ...30/181건 처리 중
[2026-09-06 21:04:55,370] INFO:   [임의공급/매매] ...40/181건 처리 중
[2026-09-06 21:05:01,830] INFO:   [임의공급/매매] ...50/181건 처리 중
[2026-09-06 21:05:15,810] INFO:   [임의공급/매매] ...60/181건 처리 중
[2026-09-06 21:05:28,056] INFO:   [임의공급/매매] ...70/181건 처리 중
[2026-09-06 21:05:36,022] INFO:   [임의공급/매매] ...80/181건 처리 중
[2026-09-06 21:05:46,975] INFO:   [임의공급/매매] ...90/181건 처리 중
[2026-09-06 21:05:54,783] INFO:   [임의공급/매매] ...100/181건 처리 중
[2026-09-06 21:06:03,876] INFO:   [임의공급/매매] ...110/181건 처리 중
[2026-09-06 21:06:32,919] INFO:   [임의공급/매매] ...120/181건 처리 중
[2026-09-06 21:06:47,689] INFO:   [임의공급/매매] ...130/181건 처리 중
[2026-09-06 21:06:54,703] INFO:   [임의공급/매매] ...140/181건 처리 중
[2026-09-06 21:07:18,874] INFO:   [임의공급/매매] ...150/181건 처리 중
[2026-09-06 21:07:36,735] INFO:   [임의공급/매매] ...160/181건 처리 중
[2026-09-06 21:07:43,511] INFO:   [임의공급/매매] ...170/181건 처리 중
[2026-09-06 21:07:50,080] INFO:   [임의공급/매매] ...180/181건 처리 중
[2026-09-06 21:07:50,981] INFO: [임의공급/매매] 최종 변환 완료: 181건
[2026-09-06 21:07:50,981] INFO: 전체 소스 합산 완료: 251건
[2026-09-06 21:07:50,981] INFO: Step 2: 새 공고 감지 및 아카이빙...
[2026-09-06 21:07:50,983] INFO: 새 공고: 0개, 기존: 251개
[2026-09-06 21:07:50,987] INFO: 아카이브 저장 완료 (총 266개)
[2026-09-06 21:07:50,987] INFO: 251개 공고 아카이빙 완료
[2026-09-06 21:07:50,987] INFO: 새 공고가 없습니다.
[2026-09-06 21:07:50,987] INFO: Step 4: 웹앱용 listings.json 생성...
[2026-09-06 21:07:50,992] INFO: listings.json 생성 완료: 266건 → /home/runner/work/cheongyak-alert/cheongyak-alert/docs/listings.json
[2026-09-06 21:07:50,992] INFO: ============================================================
[2026-09-06 21:07:50,992] INFO: 실행 완료
[2026-09-06 21:07:50,992] INFO: ============================================================
[2026-09-07 21:03:18,447] INFO: ============================================================
[2026-09-07 21:03:18,447] INFO: 청약 공고 수집 시작
[2026-09-07 21:03:18,447] INFO: ============================================================
[2026-09-07 21:03:18,447] INFO: Step 1: 공공데이터포털에서 공고 조회 중...
[2026-09-07 21:03:18,447] INFO: [APT/매매] 1페이지 조회 중... (모집공고일 >= 2026-08-24)
[2026-09-07 21:03:20,245] INFO: [APT/매매] 2페이지 조회 중... (모집공고일 >= 2026-08-24)
[2026-09-07 21:03:21,137] INFO: [APT/매매] 총 15건 조회 완료
[2026-09-07 21:03:31,376] INFO:   [APT/매매] ...10/15건 처리 중
[2026-09-07 21:03:37,032] INFO: [APT/매매] 최종 변환 완료: 15건
[2026-09-07 21:03:37,032] INFO: [공공지원민간임대/전세] 1페이지 조회 중... (모집공고일 >= 2026-08-24)
[2026-09-07 21:03:38,286] INFO: [공공지원민간임대/전세] 2페이지 조회 중... (모집공고일 >= 2026-08-24)
[2026-09-07 21:03:38,981] INFO: [공공지원민간임대/전세] 총 40건 조회 완료
[2026-09-07 21:03:48,511] INFO:   [공공지원민간임대/전세] ...10/40건 처리 중
[2026-09-07 21:03:58,643] INFO:   [공공지원민간임대/전세] ...20/40건 처리 중
[2026-09-07 21:04:08,859] INFO:   [공공지원민간임대/전세] ...30/40건 처리 중
[2026-09-07 21:04:17,959] INFO:   [공공지원민간임대/전세] ...40/40건 처리 중
[2026-09-07 21:04:17,959] INFO: [공공지원민간임대/전세] 최종 변환 완료: 40건
[2026-09-07 21:04:17,959] INFO: [오피스텔등/매매·월세] 1페이지 조회 중... (모집공고일 >= 2026-08-24)
[2026-09-07 21:04:18,664] INFO: [오피스텔등/매매·월세] 2페이지 조회 중... (모집공고일 >= 2026-08-24)
[2026-09-07 21:04:19,436] INFO: [오피스텔등/매매·월세] 총 3건 조회 완료
[2026-09-07 21:04:23,034] INFO: [오피스텔등/매매·월세] 최종 변환 완료: 3건
[2026-09-07 21:04:23,034] INFO: [잔여세대·무순위/매매] 1페이지 조회 중... (모집공고일 >= 2026-08-24)
[2026-09-07 21:04:23,772] INFO: [잔여세대·무순위/매매] 2페이지 조회 중... (모집공고일 >= 2026-08-24)
[2026-09-07 21:04:24,586] INFO: [잔여세대·무순위/매매] 총 12건 조회 완료
[2026-09-07 21:04:33,413] INFO:   [잔여세대·무순위/매매] ...10/12건 처리 중
[2026-09-07 21:04:35,084] INFO: [잔여세대·무순위/매매] 최종 변환 완료: 12건
[2026-09-07 21:04:35,084] INFO: [임의공급/매매] 1페이지 조회 중... (모집공고일 >= 2026-08-24)
[2026-09-07 21:04:36,151] INFO: [임의공급/매매] 2페이지 조회 중... (모집공고일 >= 2026-08-24)
[2026-09-07 21:04:37,384] INFO: [임의공급/매매] 3페이지 조회 중... (모집공고일 >= 2026-08-24)
[2026-09-07 21:04:38,078] INFO: [임의공급/매매] 총 183건 조회 완료
[2026-09-07 21:04:46,983] INFO:   [임의공급/매매] ...10/183건 처리 중
[2026-09-07 21:04:55,931] INFO:   [임의공급/매매] ...20/183건 처리 중
[2026-09-07 21:05:04,786] INFO:   [임의공급/매매] ...30/183건 처리 중
[2026-09-07 21:05:13,524] INFO:   [임의공급/매매] ...40/183건 처리 중
[2026-09-07 21:05:27,116] INFO:   [임의공급/매매] ...50/183건 처리 중
[2026-09-07 21:05:37,169] INFO:   [임의공급/매매] ...60/183건 처리 중
[2026-09-07 21:05:47,075] INFO:   [임의공급/매매] ...70/183건 처리 중
[2026-09-07 21:05:56,380] INFO:   [임의공급/매매] ...80/183건 처리 중
[2026-09-07 21:06:09,455] INFO:   [임의공급/매매] ...90/183건 처리 중
[2026-09-07 21:06:19,192] INFO:   [임의공급/매매] ...100/183건 처리 중
[2026-09-07 21:06:28,772] INFO:   [임의공급/매매] ...110/183건 처리 중
[2026-09-07 21:06:37,440] INFO:   [임의공급/매매] ...120/183건 처리 중
[2026-09-07 21:06:46,164] INFO:   [임의공급/매매] ...130/183건 처리 중
[2026-09-07 21:06:54,977] INFO:   [임의공급/매매] ...140/183건 처리 중
[2026-09-07 21:07:07,398] INFO:   [임의공급/매매] ...150/183건 처리 중
[2026-09-07 21:07:20,306] INFO:   [임의공급/매매] ...160/183건 처리 중
[2026-09-07 21:07:29,683] INFO:   [임의공급/매매] ...170/183건 처리 중
[2026-09-07 21:07:38,518] INFO:   [임의공급/매매] ...180/183건 처리 중
[2026-09-07 21:07:41,330] INFO: [임의공급/매매] 최종 변환 완료: 183건
[2026-09-07 21:07:41,330] INFO: 전체 소스 합산 완료: 253건
[2026-09-07 21:07:41,330] INFO: Step 2: 새 공고 감지 및 아카이빙...
[2026-09-07 21:07:41,333] INFO: 새 공고: 2개, 기존: 251개
[2026-09-07 21:07:41,340] INFO: 아카이브 저장 완료 (총 268개)
[2026-09-07 21:07:41,340] INFO: 253개 공고 아카이빙 완료
[2026-09-07 21:07:41,341] INFO: 새 공고 2개 발견! → /home/runner/work/cheongyak-alert/cheongyak-alert/data/latest_new.json
[2026-09-07 21:07:41,341] INFO: Step 4: 웹앱용 listings.json 생성...
[2026-09-07 21:07:41,349] INFO: listings.json 생성 완료: 268건 → /home/runner/work/cheongyak-alert/cheongyak-alert/docs/listings.json
[2026-09-07 21:07:41,350] INFO: ============================================================
[2026-09-07 21:07:41,350] INFO: 실행 완료
[2026-09-07 21:07:41,350] INFO: ============================================================
[2026-09-08 21:03:09,377] INFO: ============================================================
[2026-09-08 21:03:09,377] INFO: 청약 공고 수집 시작
[2026-09-08 21:03:09,377] INFO: ============================================================
[2026-09-08 21:03:09,377] INFO: Step 1: 공공데이터포털에서 공고 조회 중...
[2026-09-08 21:03:09,377] INFO: [APT/매매] 1페이지 조회 중... (모집공고일 >= 2026-08-25)
[2026-09-08 21:03:10,719] INFO: [APT/매매] 2페이지 조회 중... (모집공고일 >= 2026-08-25)
[2026-09-08 21:03:11,350] INFO: [APT/매매] 총 15건 조회 완료
[2026-09-08 21:03:20,653] INFO:   [APT/매매] ...10/15건 처리 중
[2026-09-08 21:03:24,838] INFO: [APT/매매] 최종 변환 완료: 15건
[2026-09-08 21:03:24,839] INFO: [공공지원민간임대/전세] 1페이지 조회 중... (모집공고일 >= 2026-08-25)
[2026-09-08 21:03:25,553] INFO: [공공지원민간임대/전세] 2페이지 조회 중... (모집공고일 >= 2026-08-25)
[2026-09-08 21:03:26,210] INFO: [공공지원민간임대/전세] 총 40건 조회 완료
[2026-09-08 21:03:34,572] INFO:   [공공지원민간임대/전세] ...10/40건 처리 중
[2026-09-08 21:03:42,703] INFO:   [공공지원민간임대/전세] ...20/40건 처리 중
[2026-09-08 21:03:54,168] INFO:   [공공지원민간임대/전세] ...30/40건 처리 중
[2026-09-08 21:04:02,190] INFO:   [공공지원민간임대/전세] ...40/40건 처리 중
[2026-09-08 21:04:02,191] INFO: [공공지원민간임대/전세] 최종 변환 완료: 40건
[2026-09-08 21:04:02,191] INFO: [오피스텔등/매매·월세] 1페이지 조회 중... (모집공고일 >= 2026-08-25)
[2026-09-08 21:04:02,822] INFO: [오피스텔등/매매·월세] 2페이지 조회 중... (모집공고일 >= 2026-08-25)
[2026-09-08 21:04:03,349] INFO: [오피스텔등/매매·월세] 총 3건 조회 완료
[2026-09-08 21:04:09,228] INFO: [오피스텔등/매매·월세] 최종 변환 완료: 3건
[2026-09-08 21:04:09,229] INFO: [잔여세대·무순위/매매] 1페이지 조회 중... (모집공고일 >= 2026-08-25)
[2026-09-08 21:04:09,878] INFO: [잔여세대·무순위/매매] 2페이지 조회 중... (모집공고일 >= 2026-08-25)
[2026-09-08 21:04:10,982] INFO: [잔여세대·무순위/매매] 총 15건 조회 완료
[2026-09-08 21:04:19,164] INFO:   [잔여세대·무순위/매매] ...10/15건 처리 중
[2026-09-08 21:04:23,182] INFO: [잔여세대·무순위/매매] 최종 변환 완료: 15건
[2026-09-08 21:04:23,182] INFO: [임의공급/매매] 1페이지 조회 중... (모집공고일 >= 2026-08-25)
[2026-09-08 21:04:24,209] INFO: [임의공급/매매] 2페이지 조회 중... (모집공고일 >= 2026-08-25)
[2026-09-08 21:04:25,254] INFO: [임의공급/매매] 3페이지 조회 중... (모집공고일 >= 2026-08-25)
[2026-09-08 21:04:25,869] INFO: [임의공급/매매] 총 186건 조회 완료
[2026-09-08 21:04:38,464] INFO:   [임의공급/매매] ...10/186건 처리 중
[2026-09-08 21:04:46,378] INFO:   [임의공급/매매] ...20/186건 처리 중
[2026-09-08 21:04:53,885] INFO:   [임의공급/매매] ...30/186건 처리 중
[2026-09-08 21:05:01,849] INFO:   [임의공급/매매] ...40/186건 처리 중
[2026-09-08 21:05:09,511] INFO:   [임의공급/매매] ...50/186건 처리 중
[2026-09-08 21:05:18,451] INFO:   [임의공급/매매] ...60/186건 처리 중
[2026-09-08 21:05:26,177] INFO:   [임의공급/매매] ...70/186건 처리 중
[2026-09-08 21:05:33,666] INFO:   [임의공급/매매] ...80/186건 처리 중
[2026-09-08 21:05:41,261] INFO:   [임의공급/매매] ...90/186건 처리 중
[2026-09-08 21:05:48,810] INFO:   [임의공급/매매] ...100/186건 처리 중
[2026-09-08 21:05:56,361] INFO:   [임의공급/매매] ...110/186건 처리 중
[2026-09-08 21:06:09,825] INFO:   [임의공급/매매] ...120/186건 처리 중
[2026-09-08 21:06:20,010] INFO:   [임의공급/매매] ...130/186건 처리 중
[2026-09-08 21:06:28,102] INFO:   [임의공급/매매] ...140/186건 처리 중
[2026-09-08 21:06:36,026] INFO:   [임의공급/매매] ...150/186건 처리 중
[2026-09-08 21:06:43,828] INFO:   [임의공급/매매] ...160/186건 처리 중
[2026-09-08 21:06:51,497] INFO:   [임의공급/매매] ...170/186건 처리 중
[2026-09-08 21:06:59,082] INFO:   [임의공급/매매] ...180/186건 처리 중
[2026-09-08 21:07:03,669] INFO: [임의공급/매매] 최종 변환 완료: 186건
[2026-09-08 21:07:03,670] INFO: 전체 소스 합산 완료: 259건
[2026-09-08 21:07:03,670] INFO: Step 2: 새 공고 감지 및 아카이빙...
[2026-09-08 21:07:03,671] INFO: 새 공고: 6개, 기존: 253개
[2026-09-08 21:07:03,676] INFO: 아카이브 저장 완료 (총 274개)
[2026-09-08 21:07:03,676] INFO: 259개 공고 아카이빙 완료
[2026-09-08 21:07:03,677] INFO: 새 공고 6개 발견! → /home/runner/work/cheongyak-alert/cheongyak-alert/data/latest_new.json
[2026-09-08 21:07:03,677] INFO: Step 4: 웹앱용 listings.json 생성...
[2026-09-08 21:07:03,683] INFO: listings.json 생성 완료: 274건 → /home/runner/work/cheongyak-alert/cheongyak-alert/docs/listings.json
[2026-09-08 21:07:03,683] INFO: ============================================================
[2026-09-08 21:07:03,683] INFO: 실행 완료
[2026-09-08 21:07:03,683] INFO: ============================================================
[2026-09-09 14:15:56,513] INFO: ============================================================
[2026-09-09 14:15:56,514] INFO: 청약 공고 수집 시작
[2026-09-09 14:15:56,514] INFO: ============================================================
[2026-09-09 14:15:56,514] INFO: Step 1: 공공데이터포털에서 공고 조회 중...
[2026-09-09 14:15:56,514] INFO: [APT/매매] 1페이지 조회 중... (모집공고일 >= 2026-08-26)
[2026-09-09 14:15:57,506] INFO: [APT/매매] 2페이지 조회 중... (모집공고일 >= 2026-08-26)
[2026-09-09 14:15:58,364] INFO: [APT/매매] 총 15건 조회 완료
[2026-09-09 14:16:06,058] INFO:   [APT/매매] ...10/15건 처리 중
[2026-09-09 14:16:09,867] INFO: [APT/매매] 최종 변환 완료: 15건
[2026-09-09 14:16:09,867] INFO: [공공지원민간임대/전세] 1페이지 조회 중... (모집공고일 >= 20260826)
[2026-09-09 14:16:10,450] INFO: [공공지원민간임대/전세] 2페이지 조회 중... (모집공고일 >= 20260826)
[2026-09-09 14:16:11,104] INFO: [공공지원민간임대/전세] 총 1건 조회 완료
[2026-09-09 14:16:11,710] INFO: [공공지원민간임대/전세] 최종 변환 완료: 1건
[2026-09-09 14:16:11,711] INFO: [오피스텔등/매매·월세] 1페이지 조회 중... (모집공고일 >= 2026-08-26)
[2026-09-09 14:16:12,240] INFO: [오피스텔등/매매·월세] 2페이지 조회 중... (모집공고일 >= 2026-08-26)
[2026-09-09 14:16:12,910] INFO: [오피스텔등/매매·월세] 총 3건 조회 완료
[2026-09-09 14:16:15,016] INFO: [오피스텔등/매매·월세] 최종 변환 완료: 3건
[2026-09-09 14:16:15,017] INFO: [잔여세대·무순위/매매] 1페이지 조회 중... (모집공고일 >= 2026-08-26)
[2026-09-09 14:16:15,614] INFO: [잔여세대·무순위/매매] 2페이지 조회 중... (모집공고일 >= 2026-08-26)
[2026-09-09 14:16:16,346] INFO: [잔여세대·무순위/매매] 총 14건 조회 완료
[2026-09-09 14:16:23,886] INFO:   [잔여세대·무순위/매매] ...10/14건 처리 중
[2026-09-09 14:16:26,815] INFO: [잔여세대·무순위/매매] 최종 변환 완료: 14건
[2026-09-09 14:16:26,816] INFO: [임의공급/매매] 1페이지 조회 중... (모집공고일 >= 20260826)
[2026-09-09 14:16:27,347] INFO: [임의공급/매매] 2페이지 조회 중... (모집공고일 >= 20260826)
[2026-09-09 14:16:27,799] INFO: [임의공급/매매] 총 12건 조회 완료
[2026-09-09 14:16:35,099] INFO:   [임의공급/매매] ...10/12건 처리 중
[2026-09-09 14:16:36,376] INFO: [임의공급/매매] 최종 변환 완료: 12건
[2026-09-09 14:16:36,377] INFO: 전체 소스 합산 완료: 45건
[2026-09-09 14:16:36,377] INFO: Step 2: 새 공고 감지 및 아카이빙...
[2026-09-09 14:16:36,377] INFO: 새 공고: 45개, 기존: 0개
[2026-09-09 14:16:36,380] INFO: 아카이브 저장 완료 (총 45개)
[2026-09-09 14:16:36,380] INFO: 45개 공고 아카이빙 완료
[2026-09-09 14:16:36,381] INFO: 새 공고 45개 발견! → /home/runner/work/cheongyak-alert/cheongyak-alert/data/latest_new.json
[2026-09-09 14:16:36,381] INFO: Step 4: 웹앱용 listings.json 생성...
[2026-09-09 14:16:36,383] INFO: listings.json 생성 완료: 45건 → /home/runner/work/cheongyak-alert/cheongyak-alert/docs/listings.json
[2026-09-09 14:16:36,383] INFO: ============================================================
[2026-09-09 14:16:36,383] INFO: 실행 완료
[2026-09-09 14:16:36,384] INFO: ============================================================
[2026-09-09 15:09:19,161] INFO: ============================================================
[2026-09-09 15:09:19,161] INFO: 청약 공고 수집 시작
[2026-09-09 15:09:19,161] INFO: ============================================================
[2026-09-09 15:09:19,161] INFO: Step 1: 공공데이터포털에서 공고 조회 중...
[2026-09-09 15:09:19,161] INFO: [APT/매매] 1페이지 조회 중... (모집공고일 >= 2026-08-26)
[2026-09-09 15:09:20,475] INFO: [APT/매매] 총 0건 조회 완료
[2026-09-09 15:09:20,475] INFO: [APT/매매] 최종 변환 완료: 0건
[2026-09-09 15:09:20,475] INFO: [공공지원민간임대/전세] 1페이지 조회 중... (모집공고일 >= 20260826)
[2026-09-09 15:09:21,228] INFO: [공공지원민간임대/전세] 2페이지 조회 중... (모집공고일 >= 20260826)
[2026-09-09 15:09:21,933] INFO: [공공지원민간임대/전세] 총 1건 조회 완료
[2026-09-09 15:09:22,778] INFO: [공공지원민간임대/전세] 최종 변환 완료: 1건
[2026-09-09 15:09:22,778] INFO: [오피스텔등/매매·월세] 1페이지 조회 중... (모집공고일 >= 2026-08-26)
[2026-09-09 15:09:23,535] INFO: [오피스텔등/매매·월세] 총 0건 조회 완료
[2026-09-09 15:09:23,536] INFO: [오피스텔등/매매·월세] 최종 변환 완료: 0건
[2026-09-09 15:09:23,536] INFO: [잔여세대·무순위/매매] 1페이지 조회 중... (모집공고일 >= 2026-08-26)
[2026-09-09 15:09:24,342] INFO: [잔여세대·무순위/매매] 총 0건 조회 완료
[2026-09-09 15:09:24,342] INFO: [잔여세대·무순위/매매] 최종 변환 완료: 0건
[2026-09-09 15:09:24,342] INFO: [임의공급/매매] 1페이지 조회 중... (모집공고일 >= 20260826)
[2026-09-09 15:09:25,033] INFO: [임의공급/매매] 2페이지 조회 중... (모집공고일 >= 20260826)
[2026-09-09 15:09:30,466] INFO: [임의공급/매매] 총 12건 조회 완료
[2026-09-09 15:09:39,316] INFO:   [임의공급/매매] ...10/12건 처리 중
[2026-09-09 15:09:40,839] INFO: [임의공급/매매] 최종 변환 완료: 12건
[2026-09-09 15:09:40,839] INFO: 전체 소스 합산 완료: 13건
[2026-09-09 15:09:40,839] INFO: Step 1-2: SH 홈페이지에서 공고 스크래핑 중...
[2026-09-09 15:09:43,525] INFO: [SH:주택분양] 새 모집공고로 판단된 글 0건
[2026-09-09 15:09:46,489] INFO: [SH:주택임대] 새 모집공고로 판단된 글 1건
[2026-09-09 15:09:49,728] INFO: [SH:주택매입] 새 모집공고로 판단된 글 0건
[2026-09-09 15:09:50,030] INFO: [SH] 전체 합산 1건
[2026-09-09 15:09:50,031] INFO: Step 2: 새 공고 감지 및 아카이빙...
[2026-09-09 15:09:50,031] INFO: 새 공고: 1개, 기존: 13개
[2026-09-09 15:09:50,033] INFO: 아카이브 저장 완료 (총 46개)
[2026-09-09 15:09:50,033] INFO: 14개 공고 아카이빙 완료
[2026-09-09 15:09:50,033] INFO: 새 공고 1개 발견! → /home/runner/work/cheongyak-alert/cheongyak-alert/data/latest_new.json
[2026-09-09 15:09:50,033] INFO: Step 4: 웹앱용 listings.json 생성...
[2026-09-09 15:09:50,035] INFO: listings.json 생성 완료: 46건 → /home/runner/work/cheongyak-alert/cheongyak-alert/docs/listings.json
[2026-09-09 15:09:50,035] INFO: ============================================================
[2026-09-09 15:09:50,036] INFO: 실행 완료
[2026-09-09 15:09:50,036] INFO: ============================================================
[2026-09-09 21:03:08,768] INFO: ============================================================
[2026-09-09 21:03:08,769] INFO: 청약 공고 수집 시작
[2026-09-09 21:03:08,769] INFO: ============================================================
[2026-09-09 21:03:08,769] INFO: Step 1: 공공데이터포털에서 공고 조회 중...
[2026-09-09 21:03:08,769] INFO: [APT/매매] 1페이지 조회 중... (모집공고일 >= 2026-08-26)
[2026-09-09 21:03:10,417] INFO: [APT/매매] 2페이지 조회 중... (모집공고일 >= 2026-08-26)
[2026-09-09 21:03:11,470] INFO: [APT/매매] 총 16건 조회 완료
[2026-09-09 21:03:20,893] INFO:   [APT/매매] ...10/16건 처리 중
[2026-09-09 21:03:26,158] INFO: [APT/매매] 최종 변환 완료: 16건
[2026-09-09 21:03:26,159] INFO: [공공지원민간임대/전세] 1페이지 조회 중... (모집공고일 >= 20260826)
[2026-09-09 21:03:26,931] INFO: [공공지원민간임대/전세] 2페이지 조회 중... (모집공고일 >= 20260826)
[2026-09-09 21:03:27,625] INFO: [공공지원민간임대/전세] 총 2건 조회 완료
[2026-09-09 21:03:29,771] INFO: [공공지원민간임대/전세] 최종 변환 완료: 2건
[2026-09-09 21:03:29,772] INFO: [오피스텔등/매매·월세] 1페이지 조회 중... (모집공고일 >= 2026-08-26)
[2026-09-09 21:03:30,437] INFO: [오피스텔등/매매·월세] 2페이지 조회 중... (모집공고일 >= 2026-08-26)
[2026-09-09 21:03:31,316] INFO: [오피스텔등/매매·월세] 총 6건 조회 완료
[2026-09-09 21:03:40,502] INFO: [오피스텔등/매매·월세] 최종 변환 완료: 6건
[2026-09-09 21:03:40,503] INFO: [잔여세대·무순위/매매] 1페이지 조회 중... (모집공고일 >= 2026-08-26)
[2026-09-09 21:03:41,264] INFO: [잔여세대·무순위/매매] 2페이지 조회 중... (모집공고일 >= 2026-08-26)
[2026-09-09 21:03:42,600] INFO: [잔여세대·무순위/매매] 총 17건 조회 완료
[2026-09-09 21:03:50,923] INFO:   [잔여세대·무순위/매매] ...10/17건 처리 중
[2026-09-09 21:03:56,200] INFO: [잔여세대·무순위/매매] 최종 변환 완료: 17건
[2026-09-09 21:03:56,200] INFO: [임의공급/매매] 1페이지 조회 중... (모집공고일 >= 20260826)
[2026-09-09 21:03:56,957] INFO: [임의공급/매매] 2페이지 조회 중... (모집공고일 >= 20260826)
[2026-09-09 21:03:58,140] INFO: [임의공급/매매] 총 15건 조회 완료
[2026-09-09 21:04:05,580] INFO:   [임의공급/매매] ...10/15건 처리 중
[2026-09-09 21:04:09,642] INFO: [임의공급/매매] 최종 변환 완료: 15건
[2026-09-09 21:04:09,642] INFO: 전체 소스 합산 완료: 56건
[2026-09-09 21:04:09,642] INFO: Step 1-2: SH 홈페이지에서 공고 스크래핑 중...
[2026-09-09 21:04:12,136] INFO: [SH:주택분양] 새 모집공고로 판단된 글 0건
[2026-09-09 21:04:14,910] INFO: [SH:주택임대] 새 모집공고로 판단된 글 1건
[2026-09-09 21:04:17,837] INFO: [SH:주택매입] 새 모집공고로 판단된 글 0건
[2026-09-09 21:04:18,139] INFO: [SH] 전체 합산 1건
[2026-09-09 21:04:18,140] INFO: Step 2: 새 공고 감지 및 아카이빙...
[2026-09-09 21:04:18,141] INFO: 새 공고: 11개, 기존: 46개
[2026-09-09 21:04:18,143] INFO: 아카이브 저장 완료 (총 57개)
[2026-09-09 21:04:18,143] INFO: 57개 공고 아카이빙 완료
[2026-09-09 21:04:18,143] INFO: 새 공고 11개 발견! → /home/runner/work/cheongyak-alert/cheongyak-alert/data/latest_new.json
[2026-09-09 21:04:18,143] INFO: Step 4: 웹앱용 listings.json 생성...
[2026-09-09 21:04:18,146] INFO: listings.json 생성 완료: 57건 → /home/runner/work/cheongyak-alert/cheongyak-alert/docs/listings.json
[2026-09-09 21:04:18,146] INFO: ============================================================
[2026-09-09 21:04:18,146] INFO: 실행 완료
[2026-09-09 21:04:18,146] INFO: ============================================================
